#-----------------------------------------------------------
# Vivado v2020.2 (64-bit)
# SW Build 3064766 on Wed Nov 18 09:12:45 MST 2020
# IP Build 3064653 on Wed Nov 18 14:17:31 MST 2020
# Start of session at: Sat Apr 17 22:13:55 2021
# Process ID: 16588
# Current directory: C:/Dominik/Digital-electronics-1/Labs/project/project
# Command line: vivado.exe -gui_launcher_event rodinguilauncherevent4252 C:\Dominik\Digital-electronics-1\Labs\project\project\project.xpr
# Log file: C:/Dominik/Digital-electronics-1/Labs/project/project/vivado.log
# Journal file: C:/Dominik/Digital-electronics-1/Labs/project/project\vivado.jou
#-----------------------------------------------------------
start_gui
open_project C:/Dominik/Digital-electronics-1/Labs/project/project/project.xpr
update_compile_order -fileset sources_1
launch_simulation
source tb_driver_7seg_4digits.tcl
close_sim
launch_simulation
source tb_driver_7seg_4digits.tcl
relaunch_sim
relaunch_sim
set_property -name {xsim.simulate.runtime} -value {3000ns} -objects [get_filesets sim_1]
close_sim
launch_simulation
source tb_driver_7seg_4digits.tcl
close_sim
launch_simulation
source tb_driver_7seg_4digits.tcl
current_wave_config {Untitled 4}
add_wave {{/tb_driver_7seg_4digits/uut_driver_7seg_4digits/clk_en0/ce_o}} 
relaunch_sim
relaunch_sim
relaunch_sim
relaunch_sim
relaunch_sim
relaunch_sim
relaunch_sim
current_wave_config {Untitled 5}
add_wave {{/tb_driver_7seg_4digits/uut_driver_7seg_4digits/clk_en0/ce_o}} 
relaunch_sim
close_sim
